[backblue.gif]
[fade.gif]
[index.html]
[external.html]
[www.josebrowne.com/favicon.ico]
[www.josebrowne.com/touch-icon-iphone.png]
[www.josebrowne.com/touch-icon-ipad.png]
[www.josebrowne.com/touch-icon-iphone-retina.png]
[www.josebrowne.com/touch-icon-ipad-retina.png]
[www.google-analytics.com/analytics.js]
[www.josebrowne.com/index.html]
[www.josebrowne.com/js/jb2.min.js]
[www.josebrowne.com/components/font-awesome/font/fontawesome-webfontf77b.eot]
[www.josebrowne.com/components/font-awesome/font/fontawesome-webfontd41d.eot]
[www.josebrowne.com/components/font-awesome/font/fontawesome-webfontf77b.woff]
[www.josebrowne.com/components/font-awesome/font/fontawesome-webfontf77b.ttf]
[www.josebrowne.com/img/logo.png]
[www.josebrowne.com/css/main.css]
[www.josebrowne.com/img/logo-2x.png]
[www.josebrowne.com/tag/tips.html]
[www.josebrowne.com/tag/tutorials.html]
[www.josebrowne.com/tag/personal.html]
[www.josebrowne.com/components/nprogress/nprogress.css]
[www.josebrowne.com/components/font-awesome/font/fontawesome-webfont.svg]
[www.josebrowne.com/tag/touch-icon-iphone.html]
[www.josebrowne.com/tag/touch-icon-ipad.html]
[www.josebrowne.com/tag/touch-icon-iphone-retina.html]
[www.josebrowne.com/tag/touch-icon-ipad-retina.html]
