[framework.flexkit.pro/example-scroll-animations.html]
[backblue.gif]
[fade.gif]
[index.html]
[external.html]
[framework.flexkit.pro/themes/SkeletonDocumentation/images/touch/mstile-144x144.png]
[framework.flexkit.pro/themes/SkeletonDocumentation/images/touch/mstile-70x70.png/index.html]
[framework.flexkit.pro/themes/SkeletonDocumentation/images/touch/mstile-150x150.png/index.html]
[framework.flexkit.pro/themes/SkeletonDocumentation/images/touch/mstile-310x310.png/index.html]
[ajax.googleapis.com/ajax/libs/jquery/1.11.2/jquery.min.js]
[framework.flexkit.pro/themes/SkeletonDocumentation/images/touch/mstile-310x150.png/index.html]
[framework.flexkit.pro/tmp/682e7ac7217378de3e89b6b66cdc02bb49a0e444.concat.min.css]
[ajax.googleapis.com/ajax/libs/jqueryui/1.10.3/jquery-ui.min.js]
[framework.flexkit.pro/themes/SkeletonDocumentation/images/touch/apple-touch-icon-57x57.png]
[framework.flexkit.pro/themes/SkeletonDocumentation/images/touch/apple-touch-icon-144x144.png]
[framework.flexkit.pro/themes/SkeletonDocumentation/images/touch/apple-touch-icon-120x120.png]
[framework.flexkit.pro/themes/SkeletonDocumentation/images/touch/apple-touch-icon-76x76.png]
[framework.flexkit.pro/themes/SkeletonDocumentation/images/touch/apple-touch-icon-152x152.png]
[framework.flexkit.pro/themes/SkeletonDocumentation/images/touch/apple-touch-icon-180x180.png]
[framework.flexkit.pro/themes/SkeletonDocumentation/images/favicon/favicon-192x192.png]
[framework.flexkit.pro/themes/SkeletonDocumentation/images/favicon/favicon-160x160.png]
[framework.flexkit.pro/themes/SkeletonDocumentation/images/favicon/favicon-96x96.png]
[framework.flexkit.pro/themes/SkeletonDocumentation/images/favicon/favicon-16x16.png]
[framework.flexkit.pro/themes/SkeletonDocumentation/images/favicon/favicon-32x32.png]
[framework.flexkit.pro/themes/SkeletonDocumentation/images/favicon/favicon.ico]
[framework.flexkit.pro/plugins/widcard/system/userdata/CorporateLogo.png]
[framework.flexkit.pro/index.html]
[framework.flexkit.pro/getting-started.html]
[framework.flexkit.pro/typography.html]
[framework.flexkit.pro/grid.html]
[framework.flexkit.pro/column.html]
[framework.flexkit.pro/tables.html]
[framework.flexkit.pro/forms.html]
[framework.flexkit.pro/buttons.html]
[framework.flexkit.pro/images.html]
[framework.flexkit.pro/custom-classes.html]
[framework.flexkit.pro/responsive.html]
[framework.flexkit.pro/components.html]
[framework.flexkit.pro/accordion.html]
[framework.flexkit.pro/calendar.html]
[framework.flexkit.pro/dialog.html]
[framework.flexkit.pro/progressbar.html]
[framework.flexkit.pro/range.html]
[framework.flexkit.pro/tabs.html]
[framework.flexkit.pro/tooltips.html]
[framework.flexkit.pro/autocomplete.html]
[framework.flexkit.pro/carousel.html]
[framework.flexkit.pro/animation.html]
[framework.flexkit.pro/ru/example-scroll-animations.html]
[s7.addthis.com/js/300/addthis_widget.js]
[www.paypalobjects.com/en_US/i/btn/btn_donateCC_LG.gif]
[framework.flexkit.pro/themes/SkeletonDocumentation/js/scripts.min.js]
[framework.flexkit.pro/themes/SkeletonDocumentation/js/system/flexkit.min.js]
[framework.flexkit.pro/example-scroll-animations.html]
[framework.flexkit.pro/themes/SkeletonDocumentation/images/touch/mstile-70x70.png/index.html]
[framework.flexkit.pro/themes/SkeletonDocumentation/images/touch/mstile-150x150.png/index.html]
[framework.flexkit.pro/themes/SkeletonDocumentation/images/touch/mstile-310x310.png/index.html]
[framework.flexkit.pro/themes/SkeletonDocumentation/images/touch/mstile-310x150.png/index.html]
[framework.flexkit.pro/tmp/918e72a86905291133e7680e67943b976ff14deb.concat.min.js]
[framework.flexkit.pro/system/fonts/icons/toaster-icons.eot]
[framework.flexkit.pro/system/fonts/icons/toaster-iconsd41d.eot]
[framework.flexkit.pro/system/fonts/icons/toaster-icons.woff]
[framework.flexkit.pro/themes/SkeletonDocumentation/fonts/icons/flexkit-iconsd41d.eot]
[framework.flexkit.pro/themes/SkeletonDocumentation/fonts/icons/flexkit-icons.woff]
[framework.flexkit.pro/themes/SkeletonDocumentation/fonts/icons/flexkit-icons.eot]
[framework.flexkit.pro/tmp/682e7ac7217378de3e89b6b66cdc02bb49a0e444.concat.min.css]
[framework.flexkit.pro/themes/SkeletonDocumentation/fonts/icons/flexkit-icons.ttf]
[framework.flexkit.pro/themes/SkeletonDocumentation/images/touch/apple-touch-icon-114x114.png]
[framework.flexkit.pro/themes/SkeletonDocumentation/images/touch/apple-touch-icon-72x72.png]
[framework.flexkit.pro/themes/SkeletonDocumentation/images/touch/apple-touch-icon-60x60.png]
[framework.flexkit.pro/media/FlexKit/FlexKit.zip]
[framework.flexkit.pro/media/Projects/small/123barbecue.png]
[framework.flexkit.pro/deleted/index.html]
[framework.flexkit.pro/media/Projects/small/s3servicesgroup.png]
[framework.flexkit.pro/media/Projects/small/seosamba.png]
[framework.flexkit.pro/media/Projects/small/steven-alexander-golf.png]
[framework.flexkit.pro/media/Projects/small/monaco-addict.png]
[framework.flexkit.pro/media/Projects/small/azur-tex.png]
[framework.flexkit.pro/media/Projects/small/puget-sound-solar.png]
[framework.flexkit.pro/media/Projects/small/alliance-française.jpg]
[framework.flexkit.pro/index.html]
[framework.flexkit.pro/ru/index.html]
[framework.flexkit.pro/media/FlexKit/FlexKit source.zip]
[framework.flexkit.pro/getting-started.html]
[framework.flexkit.pro/ru/getting-started.html]
[framework.flexkit.pro/tmp/c3b5441960d9a80d1c929cfc525f95ecb0dd8536.concat.min.js]
[framework.flexkit.pro/typography.html]
[framework.flexkit.pro/grid.html]
[framework.flexkit.pro/ru/typography.html]
[framework.flexkit.pro/column.html]
[framework.flexkit.pro/tables.html]
[framework.flexkit.pro/forms.html]
[framework.flexkit.pro/buttons.html]
[framework.flexkit.pro/images.html]
[framework.flexkit.pro/custom-classes.html]
[framework.flexkit.pro/responsive.html]
[framework.flexkit.pro/components.html]
[framework.flexkit.pro/accordion.html]
[framework.flexkit.pro/calendar.html]
[framework.flexkit.pro/dialog.html]
[framework.flexkit.pro/progressbar.html]
[framework.flexkit.pro/range.html]
[framework.flexkit.pro/tabs.html]
[framework.flexkit.pro/tooltips.html]
[framework.flexkit.pro/autocomplete.html]
[framework.flexkit.pro/carousel.html]
[framework.flexkit.pro/animation.html]
[framework.flexkit.pro/ru/example-scroll-animations.html]
[framework.flexkit.pro/deleted/index.html]
[framework.flexkit.pro/ru/index.html]
[framework.flexkit.pro/tmp/0a2a65c1615182b09fb3a4871879211040bb2502.concat.min.css]
[framework.flexkit.pro/ru/getting-started.html]
[framework.flexkit.pro/tmp/0a2a65c1615182b09fb3a4871879211040bb2502.concat.min.css]
[framework.flexkit.pro/ru/typography.html]
[framework.flexkit.pro/ru/column.html]
[framework.flexkit.pro/system/fonts/icons/toaster-icons.ttf]
[framework.flexkit.pro/system/images/ajax-loader-small.gif]
[framework.flexkit.pro/tmp/2e123a95eb55ad47c09a245bfc1a9742eee1551e.concat.min.css]
[framework.flexkit.pro/media/Projects/small/kazeco.png]
[framework.flexkit.pro/media/Projects/small/conseilbienetresantebeaute.png]
[framework.flexkit.pro/media/Projects/small/hybrelec.png]
[framework.flexkit.pro/ru/grid.html]
