[indianrajputs.com/view/kasumbi.html]
[external.html]
[backblue.gif]
[fade.gif]
[index.html]
[indianrajputs.com/apple-touch-icon-57x57.png]
[indianrajputs.com/apple-touch-icon-72x72.png]
[indianrajputs.com/touch-icon-192x192.png]
[indianrajputs.com/touch-icon-128x128.png]
[indianrajputs.com/startup.png]
[indianrajputs.com/view/msapplication-TileImage.png]
[www.indianrajputs.com/i/IndianRajputs.png]
[indianrajputs.com/min/b=c&f=main11c3.css]
[indianrajputs.com/i/thikanas.png]
[i.indianrajputs.com/t/i/kasumbi_KASUMALGARH_KASUMBI_FORT__2.gif]
[indianrajputs.com/i/dot.gif]
[i.indianrajputs.com/t/i/thumb800_kasumbi_Thakur_Saheb_Shriman_Ridmal_Singh_Jodha_1.jpg]
[i.indianrajputs.com/t/i/thumb800_kasumbi-Th-Saheb-Bheron-Singh-Ji-Yuvraj-GajRaj-Singh-1.jpg]
[indianrajputs.com/i/loading_100.gif]
[cdn.jsdelivr.net/fancybox/2.1.5/jquery.fancybox.min.css]
[cdn.jsdelivr.net/fancybox/2.1.5/helpers/jquery.fancybox-buttons.min.css]
[cdn.jsdelivr.net/animatecss/3.5.1/animate.min.css]
[indianrajputs.com/js/jquery-ui-1.11.4/jquery-ui.min.css]
[indianrajputs.com/c/bootstrap-accessibility.css]
[netdna.bootstrapcdn.com/bootstrap/3.3.6/js/bootstrap.min.js]
[cdn.jsdelivr.net/jquery.waypoints/2.0.5/waypoints.min.js]
[cdn.jsdelivr.net/jquery.lazyload/1.9.3/jquery.lazyload.min.js]
[cdnjs.cloudflare.com/ajax/libs/jquery-mousewheel/3.1.13/jquery.mousewheel.min.js]
[cdn.jsdelivr.net/fancybox/2.1.5/helpers/jquery.fancybox-buttons.min.js]
[cdn.jsdelivr.net/fancybox/2.1.5/jquery.fancybox.pack.js]
[indianrajputs.com/view/kasumbi.html]
[www.google-analytics.com/analytics.js]
[i.indianrajputs.com/index-bg-2.jpg]
[netdna.bootstrapcdn.com/bootstrap/3.3.6/css/bootstrap.min.css]
[i.indianrajputs.com/index-bg-3.jpg]
[i.indianrajputs.com/index-bg.jpg]
[i.indianrajputs.com/cta-rajputana-map.png]
[i.indianrajputs.com/cta-maharajas.png]
[indianrajputs.com/i/red_bg_400.jpg]
[indianrajputs.com/i/ps-header-bg.jpg]
[indianrajputs.com/i/flags-header-bg.jpg]
[indianrajputs.com/i/history-header-bg.26.delayed]
[indianrajputs.com/min/b=c&f=main11c3.css]
[cdn.jsdelivr.net/fancybox/2.1.5/jquery.fancybox.min.css]
[cdn.jsdelivr.net/fancybox/2.1.5/helpers/jquery.fancybox-buttons.min.css]
[cdn.jsdelivr.net/animatecss/3.5.1/animate.min.css]
[indianrajputs.com/js/jquery-ui-1.11.4/jquery-ui.min.css]
[indianrajputs.com/c/bootstrap-accessibility.css]
[netdna.bootstrapcdn.com/bootstrap/3.3.6/css/bootstrap.min.css]
[indianrajputs.com/i/red_bg_400.jpg]
